0 verbose cli E:\Nodejs\node.exe E:\Nodejs\node_modules\npm\bin\npm-cli.js
1 info using npm@10.9.2
2 info using node@v22.16.0
3 silly config load:file:E:\Nodejs\node_modules\npm\npmrc
4 silly config load:file:C:\Users\nzx\Desktop\Python\毕业论文项目\MulTreeMMKG\.npmrc
5 silly config load:file:C:\Users\nzx\.npmrc
6 silly config load:file:C:\Users\nzx\Desktop\Python\毕业论文项目\MulTreeMMKG\node_global\etc\npmrc
7 verbose title npm exec playwright-cli --session graphdebug console
8 verbose argv "exec" "--yes" "--package" "@playwright/cli" "--" "playwright-cli" "--session" "graphdebug" "console"
9 verbose logfile logs-max:10 dir:C:\Users\nzx\Desktop\Python\毕业论文项目\MulTreeMMKG\node_cache\_logs\2026-07-12T15_11_05_123Z-
10 verbose logfile C:\Users\nzx\Desktop\Python\毕业论文项目\MulTreeMMKG\node_cache\_logs\2026-07-12T15_11_05_123Z-debug-0.log
11 silly logfile done cleaning log files
12 silly packumentCache heap:4345298944 maxSize:1086324736 maxEntrySize:543162368
13 http fetch GET 200 https://registry.npmmirror.com/@playwright%2fcli 90ms (cache revalidated)
14 silly packumentCache heap:4345298944 maxSize:1086324736 maxEntrySize:543162368
15 verbose cwd C:\Users\nzx\Desktop\Python\毕业论文项目\MulTreeMMKG
16 verbose os Windows_NT 10.0.22631
17 verbose node v22.16.0
18 verbose npm  v10.9.2
19 verbose exit 0
20 info ok
