2026-07-12 22:00:17,891 | WARNING | mul_tree_mmkg.src.summarizer.bottom_up_summarizer | 章节《Empty》没有可摘要内容，已写入提示文本。
2026-07-12 22:00:18,016 | WARNING | mul_tree_mmkg.src.summarizer.bottom_up_summarizer | 章节《Section》首次模型响应为空或仅含思考内容，正在自动重试。
2026-07-12 22:29:39,125 | WARNING | mul_tree_mmkg.src.summarizer.bottom_up_summarizer | 章节《Empty》没有可摘要内容，已写入提示文本。
2026-07-12 22:29:39,249 | WARNING | mul_tree_mmkg.src.summarizer.bottom_up_summarizer | 章节《Section》首次模型响应为空或仅含思考内容，正在自动重试。
2026-07-12 22:38:17,652 | WARNING | mul_tree_mmkg.src.summarizer.bottom_up_summarizer | 章节《Empty》没有可摘要内容，已写入提示文本。
2026-07-12 22:38:17,777 | WARNING | mul_tree_mmkg.src.summarizer.bottom_up_summarizer | 章节《Section》首次模型响应为空或仅含思考内容，正在自动重试。
2026-07-12 22:38:25,575 | WARNING | mul_tree_mmkg.src.summarizer.bottom_up_summarizer | 章节《Empty》没有可摘要内容，已写入提示文本。
2026-07-12 22:38:25,700 | WARNING | mul_tree_mmkg.src.summarizer.bottom_up_summarizer | 章节《Section》首次模型响应为空或仅含思考内容，正在自动重试。
2026-07-13 10:52:25,094 | WARNING | mul_tree_mmkg.src.summarizer.bottom_up_summarizer | 章节《Empty》没有可摘要内容，已写入提示文本。
2026-07-13 10:52:25,219 | WARNING | mul_tree_mmkg.src.summarizer.bottom_up_summarizer | 章节《Section》首次模型响应为空或仅含思考内容，正在自动重试。
2026-07-13 11:06:45,430 | WARNING | mul_tree_mmkg.src.summarizer.bottom_up_summarizer | 章节《Empty》没有可摘要内容，已写入提示文本。
2026-07-13 11:06:45,555 | WARNING | mul_tree_mmkg.src.summarizer.bottom_up_summarizer | 章节《Section》首次模型响应为空或仅含思考内容，正在自动重试。
2026-07-13 11:30:00,143 | WARNING | mul_tree_mmkg.src.summarizer.bottom_up_summarizer | 章节《Empty》没有可摘要内容，已写入提示文本。
2026-07-13 11:30:00,268 | WARNING | mul_tree_mmkg.src.summarizer.bottom_up_summarizer | 章节《Section》首次模型响应为空或仅含思考内容，正在自动重试。
2026-07-13 11:32:10,620 | WARNING | mul_tree_mmkg.src.summarizer.bottom_up_summarizer | 章节《Empty》没有可摘要内容，已写入提示文本。
2026-07-13 11:32:10,745 | WARNING | mul_tree_mmkg.src.summarizer.bottom_up_summarizer | 章节《Section》首次模型响应为空或仅含思考内容，正在自动重试。
2026-07-13 11:40:01,402 | WARNING | mul_tree_mmkg.src.summarizer.bottom_up_summarizer | 章节《Empty》没有可摘要内容，已写入提示文本。
2026-07-13 11:40:01,527 | WARNING | mul_tree_mmkg.src.summarizer.bottom_up_summarizer | 章节《Section》首次模型响应为空或仅含思考内容，正在自动重试。
2026-07-13 11:40:11,914 | WARNING | mul_tree_mmkg.src.summarizer.bottom_up_summarizer | 章节《Empty》没有可摘要内容，已写入提示文本。
2026-07-13 11:40:12,039 | WARNING | mul_tree_mmkg.src.summarizer.bottom_up_summarizer | 章节《Section》首次模型响应为空或仅含思考内容，正在自动重试。
2026-07-13 15:16:04,976 | WARNING | mul_tree_mmkg.src.summarizer.bottom_up_summarizer | 章节《Empty》没有可摘要内容，已写入提示文本。
2026-07-13 15:16:05,102 | WARNING | mul_tree_mmkg.src.summarizer.bottom_up_summarizer | 章节《Section》首次模型响应缺少有效摘要或未返回 3 个合法 ConceptCategories，正在自动重试。
2026-07-13 15:17:23,290 | INFO | mul_tree_mmkg.src.summarizer.bottom_up_summarizer | 已从 Neo4j 读取 9 个 ConceptCategory 候选名称。
2026-07-13 15:17:55,924 | WARNING | mul_tree_mmkg.src.summarizer.bottom_up_summarizer | 章节《Empty》没有可摘要内容，已写入提示文本。
2026-07-13 15:17:56,049 | WARNING | mul_tree_mmkg.src.summarizer.bottom_up_summarizer | 章节《Section》首次模型响应缺少有效摘要或未返回 3 个合法 ConceptCategories，正在自动重试。
2026-07-13 15:42:31,485 | WARNING | mul_tree_mmkg.src.summarizer.bottom_up_summarizer | 章节《Empty》没有可摘要内容，已写入提示文本。
2026-07-13 15:42:31,610 | WARNING | mul_tree_mmkg.src.summarizer.bottom_up_summarizer | 章节《Section》首次模型响应缺少有效摘要或未返回 3 个合法 ConceptCategories，正在自动重试。
2026-07-13 16:19:01,385 | WARNING | mul_tree_mmkg.src.summarizer.bottom_up_summarizer | 章节《Empty》没有可摘要内容，已写入提示文本。
2026-07-13 16:19:01,510 | WARNING | mul_tree_mmkg.src.summarizer.bottom_up_summarizer | 章节《Section》首次模型响应缺少有效摘要或未返回 3 个合法 ConceptCategories，正在自动重试。
2026-07-13 17:26:47,102 | WARNING | mul_tree_mmkg.src.summarizer.bottom_up_summarizer | 章节《Empty》没有可摘要内容，已写入提示文本。
2026-07-13 17:26:47,227 | WARNING | mul_tree_mmkg.src.summarizer.bottom_up_summarizer | 章节《Section》首次模型响应缺少有效摘要或未返回 3 个合法 ConceptCategories，正在自动重试。
2026-07-15 22:09:38,177 | WARNING | mul_tree_mmkg.src.summarizer.bottom_up_summarizer | 章节《Empty》没有可摘要内容，已写入提示文本。
2026-07-15 22:09:38,302 | WARNING | mul_tree_mmkg.src.summarizer.bottom_up_summarizer | 章节《Section》首次模型响应缺少有效摘要或未返回 3 个合法 ConceptCategories，正在自动重试。
2026-07-20 11:16:14,011 | WARNING | mul_tree_mmkg.src.summarizer.bottom_up_summarizer | 章节《Empty》没有可摘要内容，已写入提示文本。
2026-07-20 11:16:14,136 | WARNING | mul_tree_mmkg.src.summarizer.bottom_up_summarizer | 章节《Section》首次模型响应缺少有效摘要或未返回 3 个合法 ConceptCategories，正在自动重试。
2026-07-20 12:39:01,557 | WARNING | mul_tree_mmkg.src.summarizer.bottom_up_summarizer | 章节《Empty》没有可摘要内容，已写入提示文本。
2026-07-20 12:39:01,684 | WARNING | mul_tree_mmkg.src.summarizer.bottom_up_summarizer | 章节《Section》首次模型响应缺少有效摘要或未返回 3 个合法 ConceptCategories，正在自动重试。
2026-07-26 22:17:17,896 | WARNING | mul_tree_mmkg.src.summarizer.bottom_up_summarizer | 章节《Empty》没有可摘要内容，已写入提示文本。
2026-07-26 22:17:18,022 | WARNING | mul_tree_mmkg.src.summarizer.bottom_up_summarizer | 章节《Section》首次模型响应缺少有效摘要或未返回 3 个合法 ConceptCategories，正在自动重试。
2026-08-30 16:59:25,281 | WARNING | mul_tree_mmkg.extractors.image_extractor.pipeline | [图片抽取/单图] 模型调用存在错误：chunk=doc-1:section:1:image:0，image_index=1，status=model_error，errors=['架构测试不应调用模型方法：describe_image']
2026-08-30 16:59:25,283 | WARNING | mul_tree_mmkg.extractors.image_extractor.pipeline | [图片抽取/单图] 模型调用存在错误：chunk=doc-1:section:1:image:0，image_index=1，status=model_error，errors=['架构测试不应调用模型方法：describe_image']
2026-08-30 16:59:25,317 | WARNING | mul_tree_mmkg.extractors.image_extractor.pipeline | [图片抽取/单图] 模型调用存在错误：chunk=chunk-partial，image_index=0，status=model_error，errors=['VLM 图片描述失败：service unavailable']
2026-08-30 23:41:32,631 | WARNING | mul_tree_mmkg.extractors.image_extractor.pipeline | [图片抽取/单图] 模型调用存在错误：chunk=doc-1:section:1:image:0，image_index=0，status=model_error，errors=['VLM地图空间抽取失败：架构测试不应调用模型方法：describe_image']
2026-08-30 23:41:32,631 | WARNING | mul_tree_mmkg.extractors.image_extractor.pipeline | [图片抽取/单图] 模型调用存在错误：chunk=doc-1:section:1:image:0，image_index=1，status=model_error，errors=['VLM地图空间抽取失败：架构测试不应调用模型方法：describe_image']
2026-08-30 23:41:32,634 | WARNING | mul_tree_mmkg.extractors.image_extractor.pipeline | [图片抽取/单图] 模型调用存在错误：chunk=doc-1:section:1:image:0，image_index=0，status=model_error，errors=['VLM地图空间抽取失败：架构测试不应调用模型方法：describe_image']
2026-08-30 23:41:32,634 | WARNING | mul_tree_mmkg.extractors.image_extractor.pipeline | [图片抽取/单图] 模型调用存在错误：chunk=doc-1:section:1:image:0，image_index=1，status=model_error，errors=['架构测试不应调用模型方法：describe_image']
2026-08-30 23:41:32,635 | WARNING | mul_tree_mmkg.extractors.image_extractor.pipeline | [图片抽取/单图] 模型调用存在错误：chunk=doc-1:section:1:image:0，image_index=0，status=model_error，errors=['VLM地图空间抽取失败：架构测试不应调用模型方法：describe_image']
2026-08-30 23:41:32,635 | WARNING | mul_tree_mmkg.extractors.image_extractor.pipeline | [图片抽取/单图] 模型调用存在错误：chunk=doc-1:section:1:image:0，image_index=1，status=model_error，errors=['架构测试不应调用模型方法：describe_image']
2026-08-30 23:41:32,637 | WARNING | mul_tree_mmkg.extractors.image_extractor.pipeline | [图片抽取/单图] 模型调用存在错误：chunk=doc-1:section:1:image:0，image_index=0，status=model_error，errors=['VLM地图空间抽取失败：架构测试不应调用模型方法：describe_image']
2026-08-30 23:43:11,454 | WARNING | mul_tree_mmkg.extractors.image_extractor.pipeline | [图片抽取/单图] 模型调用存在错误：chunk=doc-1:section:1:image:0，image_index=0，status=model_error，errors=['VLM地图空间抽取失败：架构测试不应调用模型方法：describe_image']
2026-08-30 23:43:11,454 | WARNING | mul_tree_mmkg.extractors.image_extractor.pipeline | [图片抽取/单图] 模型调用存在错误：chunk=doc-1:section:1:image:0，image_index=1，status=model_error，errors=['VLM地图空间抽取失败：架构测试不应调用模型方法：describe_image']
2026-08-30 23:43:11,455 | WARNING | mul_tree_mmkg.extractors.image_extractor.pipeline | [图片抽取/单图] 模型调用存在错误：chunk=doc-1:section:1:image:0，image_index=0，status=model_error，errors=['VLM地图空间抽取失败：架构测试不应调用模型方法：describe_image']
2026-08-30 23:43:11,456 | WARNING | mul_tree_mmkg.extractors.image_extractor.pipeline | [图片抽取/单图] 模型调用存在错误：chunk=doc-1:section:1:image:0，image_index=1，status=model_error，errors=['架构测试不应调用模型方法：describe_image']
2026-08-30 23:43:11,456 | WARNING | mul_tree_mmkg.extractors.image_extractor.pipeline | [图片抽取/单图] 模型调用存在错误：chunk=doc-1:section:1:image:0，image_index=0，status=model_error，errors=['VLM地图空间抽取失败：架构测试不应调用模型方法：describe_image']
2026-08-30 23:43:11,456 | WARNING | mul_tree_mmkg.extractors.image_extractor.pipeline | [图片抽取/单图] 模型调用存在错误：chunk=doc-1:section:1:image:0，image_index=1，status=model_error，errors=['架构测试不应调用模型方法：describe_image']
2026-08-30 23:43:11,458 | WARNING | mul_tree_mmkg.extractors.image_extractor.pipeline | [图片抽取/单图] 模型调用存在错误：chunk=doc-1:section:1:image:0，image_index=0，status=model_error，errors=['VLM地图空间抽取失败：架构测试不应调用模型方法：describe_image']
2026-08-30 23:43:18,021 | WARNING | mul_tree_mmkg.extractors.image_extractor.pipeline | [图片抽取/单图] 模型调用存在错误：chunk=doc-1:section:1:image:0，image_index=0，status=model_error，errors=['VLM地图空间抽取失败：架构测试不应调用模型方法：describe_image']
2026-08-30 23:43:18,021 | WARNING | mul_tree_mmkg.extractors.image_extractor.pipeline | [图片抽取/单图] 模型调用存在错误：chunk=doc-1:section:1:image:0，image_index=1，status=model_error，errors=['VLM地图空间抽取失败：架构测试不应调用模型方法：describe_image']
2026-08-30 23:43:18,023 | WARNING | mul_tree_mmkg.extractors.image_extractor.pipeline | [图片抽取/单图] 模型调用存在错误：chunk=doc-1:section:1:image:0，image_index=0，status=model_error，errors=['VLM地图空间抽取失败：架构测试不应调用模型方法：describe_image']
2026-08-30 23:43:18,023 | WARNING | mul_tree_mmkg.extractors.image_extractor.pipeline | [图片抽取/单图] 模型调用存在错误：chunk=doc-1:section:1:image:0，image_index=1，status=model_error，errors=['架构测试不应调用模型方法：describe_image']
2026-08-30 23:43:18,024 | WARNING | mul_tree_mmkg.extractors.image_extractor.pipeline | [图片抽取/单图] 模型调用存在错误：chunk=doc-1:section:1:image:0，image_index=0，status=model_error，errors=['VLM地图空间抽取失败：架构测试不应调用模型方法：describe_image']
2026-08-30 23:43:18,024 | WARNING | mul_tree_mmkg.extractors.image_extractor.pipeline | [图片抽取/单图] 模型调用存在错误：chunk=doc-1:section:1:image:0，image_index=1，status=model_error，errors=['架构测试不应调用模型方法：describe_image']
2026-08-30 23:43:18,025 | WARNING | mul_tree_mmkg.extractors.image_extractor.pipeline | [图片抽取/单图] 模型调用存在错误：chunk=doc-1:section:1:image:0，image_index=0，status=model_error，errors=['VLM地图空间抽取失败：架构测试不应调用模型方法：describe_image']
2026-08-30 23:43:18,047 | WARNING | mul_tree_mmkg.extractors.image_extractor.pipeline | [图片抽取/单图] 模型调用存在错误：chunk=chunk-partial，image_index=0，status=model_error，errors=['VLM 图片描述失败：service unavailable']
2026-08-30 23:43:57,947 | WARNING | mul_tree_mmkg.extractors.image_extractor.pipeline | [图片抽取/单图] 模型调用存在错误：chunk=doc-1:section:1:image:0，image_index=0，status=model_error，errors=['VLM地图空间抽取失败：架构测试不应调用模型方法：describe_image']
2026-08-30 23:43:57,947 | WARNING | mul_tree_mmkg.extractors.image_extractor.pipeline | [图片抽取/单图] 模型调用存在错误：chunk=doc-1:section:1:image:0，image_index=1，status=model_error，errors=['VLM地图空间抽取失败：架构测试不应调用模型方法：describe_image']
2026-08-30 23:43:57,949 | WARNING | mul_tree_mmkg.extractors.image_extractor.pipeline | [图片抽取/单图] 模型调用存在错误：chunk=doc-1:section:1:image:0，image_index=0，status=model_error，errors=['VLM地图空间抽取失败：架构测试不应调用模型方法：describe_image']
2026-08-30 23:43:57,949 | WARNING | mul_tree_mmkg.extractors.image_extractor.pipeline | [图片抽取/单图] 模型调用存在错误：chunk=doc-1:section:1:image:0，image_index=1，status=model_error，errors=['架构测试不应调用模型方法：describe_image']
2026-08-30 23:43:57,949 | WARNING | mul_tree_mmkg.extractors.image_extractor.pipeline | [图片抽取/单图] 模型调用存在错误：chunk=doc-1:section:1:image:0，image_index=0，status=model_error，errors=['VLM地图空间抽取失败：架构测试不应调用模型方法：describe_image']
2026-08-30 23:43:57,950 | WARNING | mul_tree_mmkg.extractors.image_extractor.pipeline | [图片抽取/单图] 模型调用存在错误：chunk=doc-1:section:1:image:0，image_index=1，status=model_error，errors=['架构测试不应调用模型方法：describe_image']
2026-08-30 23:43:57,951 | WARNING | mul_tree_mmkg.extractors.image_extractor.pipeline | [图片抽取/单图] 模型调用存在错误：chunk=doc-1:section:1:image:0，image_index=0，status=model_error，errors=['VLM地图空间抽取失败：架构测试不应调用模型方法：describe_image']
2026-08-30 23:43:57,975 | WARNING | mul_tree_mmkg.extractors.image_extractor.pipeline | [图片抽取/单图] 模型调用存在错误：chunk=chunk-partial，image_index=0，status=model_error，errors=['VLM 图片描述失败：service unavailable']
2026-08-30 23:44:10,419 | WARNING | mul_tree_mmkg.src.summarizer.bottom_up_summarizer | 章节《Empty》没有可摘要内容，已写入提示文本。
2026-08-30 23:44:10,545 | WARNING | mul_tree_mmkg.src.summarizer.bottom_up_summarizer | 章节《Section》首次模型响应缺少有效摘要或未返回 3 个合法 ConceptCategories，正在自动重试。
2026-08-30 23:44:10,910 | WARNING | mul_tree_mmkg.extractors.image_extractor.pipeline | [图片抽取/单图] 模型调用存在错误：chunk=doc-1:section:1:image:0，image_index=0，status=model_error，errors=['VLM地图空间抽取失败：架构测试不应调用模型方法：describe_image']
2026-08-30 23:44:10,910 | WARNING | mul_tree_mmkg.extractors.image_extractor.pipeline | [图片抽取/单图] 模型调用存在错误：chunk=doc-1:section:1:image:0，image_index=1，status=model_error，errors=['VLM地图空间抽取失败：架构测试不应调用模型方法：describe_image']
2026-08-30 23:44:10,912 | WARNING | mul_tree_mmkg.extractors.image_extractor.pipeline | [图片抽取/单图] 模型调用存在错误：chunk=doc-1:section:1:image:0，image_index=0，status=model_error，errors=['VLM地图空间抽取失败：架构测试不应调用模型方法：describe_image']
2026-08-30 23:44:10,912 | WARNING | mul_tree_mmkg.extractors.image_extractor.pipeline | [图片抽取/单图] 模型调用存在错误：chunk=doc-1:section:1:image:0，image_index=1，status=model_error，errors=['架构测试不应调用模型方法：describe_image']
2026-08-30 23:44:10,913 | WARNING | mul_tree_mmkg.extractors.image_extractor.pipeline | [图片抽取/单图] 模型调用存在错误：chunk=doc-1:section:1:image:0，image_index=0，status=model_error，errors=['VLM地图空间抽取失败：架构测试不应调用模型方法：describe_image']
2026-08-30 23:44:10,913 | WARNING | mul_tree_mmkg.extractors.image_extractor.pipeline | [图片抽取/单图] 模型调用存在错误：chunk=doc-1:section:1:image:0，image_index=1，status=model_error，errors=['架构测试不应调用模型方法：describe_image']
2026-08-30 23:44:10,914 | WARNING | mul_tree_mmkg.extractors.image_extractor.pipeline | [图片抽取/单图] 模型调用存在错误：chunk=doc-1:section:1:image:0，image_index=0，status=model_error，errors=['VLM地图空间抽取失败：架构测试不应调用模型方法：describe_image']
2026-08-30 23:44:13,869 | WARNING | mul_tree_mmkg.extractors.image_extractor.pipeline | [图片抽取/单图] 模型调用存在错误：chunk=chunk-partial，image_index=0，status=model_error，errors=['VLM 图片描述失败：service unavailable']
2026-08-30 23:45:45,447 | WARNING | mul_tree_mmkg.extractors.image_extractor.pipeline | [图片抽取/单图] 模型调用存在错误：chunk=doc-1:section:1:image:0，image_index=0，status=model_error，errors=['VLM地图空间抽取失败：架构测试不应调用模型方法：describe_image']
2026-08-30 23:45:45,447 | WARNING | mul_tree_mmkg.extractors.image_extractor.pipeline | [图片抽取/单图] 模型调用存在错误：chunk=doc-1:section:1:image:0，image_index=1，status=model_error，errors=['VLM地图空间抽取失败：架构测试不应调用模型方法：describe_image']
2026-08-30 23:45:45,448 | WARNING | mul_tree_mmkg.extractors.image_extractor.pipeline | [图片抽取/单图] 模型调用存在错误：chunk=doc-1:section:1:image:0，image_index=0，status=model_error，errors=['VLM地图空间抽取失败：架构测试不应调用模型方法：describe_image']
2026-08-30 23:45:45,448 | WARNING | mul_tree_mmkg.extractors.image_extractor.pipeline | [图片抽取/单图] 模型调用存在错误：chunk=doc-1:section:1:image:0，image_index=1，status=model_error，errors=['架构测试不应调用模型方法：describe_image']
2026-08-30 23:45:45,449 | WARNING | mul_tree_mmkg.extractors.image_extractor.pipeline | [图片抽取/单图] 模型调用存在错误：chunk=doc-1:section:1:image:0，image_index=0，status=model_error，errors=['VLM地图空间抽取失败：架构测试不应调用模型方法：describe_image']
2026-08-30 23:45:45,449 | WARNING | mul_tree_mmkg.extractors.image_extractor.pipeline | [图片抽取/单图] 模型调用存在错误：chunk=doc-1:section:1:image:0，image_index=1，status=model_error，errors=['架构测试不应调用模型方法：describe_image']
2026-08-30 23:45:45,451 | WARNING | mul_tree_mmkg.extractors.image_extractor.pipeline | [图片抽取/单图] 模型调用存在错误：chunk=doc-1:section:1:image:0，image_index=0，status=model_error，errors=['VLM地图空间抽取失败：架构测试不应调用模型方法：describe_image']
2026-08-30 23:45:45,474 | WARNING | mul_tree_mmkg.extractors.image_extractor.pipeline | [图片抽取/单图] 模型调用存在错误：chunk=chunk-partial，image_index=0，status=model_error，errors=['VLM 图片描述失败：service unavailable']
2026-08-31 10:58:36,941 | WARNING | mul_tree_mmkg.extractors.image_extractor.pipeline | [图片抽取/单图] 模型调用存在错误：chunk=doc-1:section:1:image:0，image_index=0，status=model_error，errors=['VLM地图空间抽取失败：架构测试不应调用模型方法：describe_image']
2026-08-31 10:58:36,941 | WARNING | mul_tree_mmkg.extractors.image_extractor.pipeline | [图片抽取/单图] 模型调用存在错误：chunk=doc-1:section:1:image:0，image_index=1，status=model_error，errors=['VLM地图空间抽取失败：架构测试不应调用模型方法：describe_image']
2026-08-31 10:58:36,943 | WARNING | mul_tree_mmkg.extractors.image_extractor.pipeline | [图片抽取/单图] 模型调用存在错误：chunk=doc-1:section:1:image:0，image_index=0，status=model_error，errors=['VLM地图空间抽取失败：架构测试不应调用模型方法：describe_image']
2026-08-31 10:58:36,943 | WARNING | mul_tree_mmkg.extractors.image_extractor.pipeline | [图片抽取/单图] 模型调用存在错误：chunk=doc-1:section:1:image:0，image_index=1，status=model_error，errors=['架构测试不应调用模型方法：describe_image']
2026-08-31 10:58:36,944 | WARNING | mul_tree_mmkg.extractors.image_extractor.pipeline | [图片抽取/单图] 模型调用存在错误：chunk=doc-1:section:1:image:0，image_index=0，status=model_error，errors=['VLM地图空间抽取失败：架构测试不应调用模型方法：describe_image']
2026-08-31 10:58:36,944 | WARNING | mul_tree_mmkg.extractors.image_extractor.pipeline | [图片抽取/单图] 模型调用存在错误：chunk=doc-1:section:1:image:0，image_index=1，status=model_error，errors=['架构测试不应调用模型方法：describe_image']
2026-08-31 10:58:36,945 | WARNING | mul_tree_mmkg.extractors.image_extractor.pipeline | [图片抽取/单图] 模型调用存在错误：chunk=doc-1:section:1:image:0，image_index=0，status=model_error，errors=['VLM地图空间抽取失败：架构测试不应调用模型方法：describe_image']
2026-08-31 10:58:36,985 | WARNING | mul_tree_mmkg.extractors.image_extractor.pipeline | [图片抽取/单图] 模型调用存在错误：chunk=chunk-partial，image_index=0，status=model_error，errors=['VLM 图片描述失败：service unavailable']
2026-08-31 12:14:40,072 | WARNING | mul_tree_mmkg.extractors.image_extractor.pipeline | [图片抽取/单图] 模型调用存在错误：chunk=doc-1:section:1:image:0，image_index=0，status=model_error，errors=['VLM地图空间抽取失败：架构测试不应调用模型方法：describe_image']
2026-08-31 12:14:40,072 | WARNING | mul_tree_mmkg.extractors.image_extractor.pipeline | [图片抽取/单图] 模型调用存在错误：chunk=doc-1:section:1:image:0，image_index=1，status=model_error，errors=['VLM地图空间抽取失败：架构测试不应调用模型方法：describe_image']
2026-08-31 12:14:40,073 | WARNING | mul_tree_mmkg.extractors.image_extractor.pipeline | [图片抽取/单图] 模型调用存在错误：chunk=doc-1:section:1:image:0，image_index=0，status=model_error，errors=['VLM地图空间抽取失败：架构测试不应调用模型方法：describe_image']
2026-08-31 12:14:40,074 | WARNING | mul_tree_mmkg.extractors.image_extractor.pipeline | [图片抽取/单图] 模型调用存在错误：chunk=doc-1:section:1:image:0，image_index=1，status=model_error，errors=['架构测试不应调用模型方法：describe_image']
2026-08-31 12:14:40,074 | WARNING | mul_tree_mmkg.extractors.image_extractor.pipeline | [图片抽取/单图] 模型调用存在错误：chunk=doc-1:section:1:image:0，image_index=0，status=model_error，errors=['VLM地图空间抽取失败：架构测试不应调用模型方法：describe_image']
2026-08-31 12:14:40,074 | WARNING | mul_tree_mmkg.extractors.image_extractor.pipeline | [图片抽取/单图] 模型调用存在错误：chunk=doc-1:section:1:image:0，image_index=1，status=model_error，errors=['架构测试不应调用模型方法：describe_image']
2026-08-31 12:14:40,076 | WARNING | mul_tree_mmkg.extractors.image_extractor.pipeline | [图片抽取/单图] 模型调用存在错误：chunk=doc-1:section:1:image:0，image_index=0，status=model_error，errors=['VLM地图空间抽取失败：架构测试不应调用模型方法：describe_image']
2026-08-31 13:05:22,827 | WARNING | mul_tree_mmkg.extractors.image_extractor.pipeline | [图片抽取/单图] 模型调用存在错误：chunk=doc-1:section:1:image:0，image_index=0，status=model_error，errors=['VLM地图空间抽取失败：架构测试不应调用模型方法：describe_image']
2026-08-31 13:05:22,827 | WARNING | mul_tree_mmkg.extractors.image_extractor.pipeline | [图片抽取/单图] 模型调用存在错误：chunk=doc-1:section:1:image:0，image_index=1，status=model_error，errors=['VLM地图空间抽取失败：架构测试不应调用模型方法：describe_image']
2026-08-31 13:05:22,829 | WARNING | mul_tree_mmkg.extractors.image_extractor.pipeline | [图片抽取/单图] 模型调用存在错误：chunk=doc-1:section:1:image:0，image_index=0，status=model_error，errors=['VLM地图空间抽取失败：架构测试不应调用模型方法：describe_image']
2026-08-31 13:05:22,829 | WARNING | mul_tree_mmkg.extractors.image_extractor.pipeline | [图片抽取/单图] 模型调用存在错误：chunk=doc-1:section:1:image:0，image_index=1，status=model_error，errors=['架构测试不应调用模型方法：describe_image']
2026-08-31 13:05:22,830 | WARNING | mul_tree_mmkg.extractors.image_extractor.pipeline | [图片抽取/单图] 模型调用存在错误：chunk=doc-1:section:1:image:0，image_index=0，status=model_error，errors=['VLM地图空间抽取失败：架构测试不应调用模型方法：describe_image']
2026-08-31 13:05:22,830 | WARNING | mul_tree_mmkg.extractors.image_extractor.pipeline | [图片抽取/单图] 模型调用存在错误：chunk=doc-1:section:1:image:0，image_index=1，status=model_error，errors=['架构测试不应调用模型方法：describe_image']
2026-08-31 13:05:22,832 | WARNING | mul_tree_mmkg.extractors.image_extractor.pipeline | [图片抽取/单图] 模型调用存在错误：chunk=doc-1:section:1:image:0，image_index=0，status=model_error，errors=['VLM地图空间抽取失败：架构测试不应调用模型方法：describe_image']
2026-08-31 15:07:28,467 | WARNING | mul_tree_mmkg.src.summarizer.bottom_up_summarizer | 章节《Empty》没有可摘要内容，已写入提示文本。
2026-08-31 15:07:28,592 | WARNING | mul_tree_mmkg.src.summarizer.bottom_up_summarizer | 章节《Section》首次模型响应缺少有效摘要或未返回 3 个合法 ConceptCategories，正在自动重试。
2026-08-31 15:07:30,786 | WARNING | mul_tree_mmkg.extractors.image_extractor.pipeline | [图片抽取/单图] 模型调用存在错误：chunk=doc-1:section:1:image:0，image_index=0，status=model_error，errors=['VLM地图空间抽取失败：架构测试不应调用模型方法：describe_image']
2026-08-31 15:07:30,786 | WARNING | mul_tree_mmkg.extractors.image_extractor.pipeline | [图片抽取/单图] 模型调用存在错误：chunk=doc-1:section:1:image:0，image_index=1，status=model_error，errors=['VLM地图空间抽取失败：架构测试不应调用模型方法：describe_image']
2026-08-31 15:07:30,788 | WARNING | mul_tree_mmkg.extractors.image_extractor.pipeline | [图片抽取/单图] 模型调用存在错误：chunk=doc-1:section:1:image:0，image_index=0，status=model_error，errors=['VLM地图空间抽取失败：架构测试不应调用模型方法：describe_image']
2026-08-31 15:07:30,788 | WARNING | mul_tree_mmkg.extractors.image_extractor.pipeline | [图片抽取/单图] 模型调用存在错误：chunk=doc-1:section:1:image:0，image_index=1，status=model_error，errors=['架构测试不应调用模型方法：describe_image']
2026-08-31 15:07:30,788 | WARNING | mul_tree_mmkg.extractors.image_extractor.pipeline | [图片抽取/单图] 模型调用存在错误：chunk=doc-1:section:1:image:0，image_index=0，status=model_error，errors=['VLM地图空间抽取失败：架构测试不应调用模型方法：describe_image']
2026-08-31 15:07:30,789 | WARNING | mul_tree_mmkg.extractors.image_extractor.pipeline | [图片抽取/单图] 模型调用存在错误：chunk=doc-1:section:1:image:0，image_index=1，status=model_error，errors=['架构测试不应调用模型方法：describe_image']
2026-08-31 15:07:30,790 | WARNING | mul_tree_mmkg.extractors.image_extractor.pipeline | [图片抽取/单图] 模型调用存在错误：chunk=doc-1:section:1:image:0，image_index=0，status=model_error，errors=['VLM地图空间抽取失败：架构测试不应调用模型方法：describe_image']
2026-08-31 15:07:33,143 | WARNING | mul_tree_mmkg.extractors.image_extractor.pipeline | [图片抽取/单图] 模型调用存在错误：chunk=chunk-partial，image_index=0，status=model_error，errors=['VLM 图片描述失败：service unavailable']
2026-08-31 15:10:16,544 | WARNING | mul_tree_mmkg.src.summarizer.bottom_up_summarizer | 章节《Empty》没有可摘要内容，已写入提示文本。
2026-08-31 15:10:16,670 | WARNING | mul_tree_mmkg.src.summarizer.bottom_up_summarizer | 章节《Section》首次模型响应缺少有效摘要或未返回 3 个合法 ConceptCategories，正在自动重试。
2026-08-31 15:10:16,696 | WARNING | mul_tree_mmkg.extractors.image_extractor.pipeline | [图片抽取/单图] 模型调用存在错误：chunk=doc-1:section:1:image:0，image_index=0，status=model_error，errors=['VLM地图空间抽取失败：架构测试不应调用模型方法：describe_image']
2026-08-31 15:10:16,696 | WARNING | mul_tree_mmkg.extractors.image_extractor.pipeline | [图片抽取/单图] 模型调用存在错误：chunk=doc-1:section:1:image:0，image_index=1，status=model_error，errors=['VLM地图空间抽取失败：架构测试不应调用模型方法：describe_image']
2026-08-31 15:10:16,697 | WARNING | mul_tree_mmkg.extractors.image_extractor.pipeline | [图片抽取/单图] 模型调用存在错误：chunk=doc-1:section:1:image:0，image_index=0，status=model_error，errors=['VLM地图空间抽取失败：架构测试不应调用模型方法：describe_image']
2026-08-31 15:10:16,697 | WARNING | mul_tree_mmkg.extractors.image_extractor.pipeline | [图片抽取/单图] 模型调用存在错误：chunk=doc-1:section:1:image:0，image_index=1，status=model_error，errors=['架构测试不应调用模型方法：describe_image']
2026-08-31 15:10:16,698 | WARNING | mul_tree_mmkg.extractors.image_extractor.pipeline | [图片抽取/单图] 模型调用存在错误：chunk=doc-1:section:1:image:0，image_index=0，status=model_error，errors=['VLM地图空间抽取失败：架构测试不应调用模型方法：describe_image']
2026-08-31 15:10:16,698 | WARNING | mul_tree_mmkg.extractors.image_extractor.pipeline | [图片抽取/单图] 模型调用存在错误：chunk=doc-1:section:1:image:0，image_index=1，status=model_error，errors=['架构测试不应调用模型方法：describe_image']
2026-08-31 15:10:16,699 | WARNING | mul_tree_mmkg.extractors.image_extractor.pipeline | [图片抽取/单图] 模型调用存在错误：chunk=doc-1:section:1:image:0，image_index=0，status=model_error，errors=['VLM地图空间抽取失败：架构测试不应调用模型方法：describe_image']
2026-08-31 15:10:18,283 | WARNING | mul_tree_mmkg.extractors.image_extractor.pipeline | [图片抽取/单图] 模型调用存在错误：chunk=chunk-partial，image_index=0，status=model_error，errors=['VLM 图片描述失败：service unavailable']
2026-09-07 10:24:42,132 | WARNING | mul_tree_mmkg.extractors.image_extractor.pipeline | [图片抽取/单图] 模型调用存在错误：chunk=doc-1:section:1:image:0，image_index=0，status=model_error，errors=['VLM地图空间抽取失败：架构测试不应调用模型方法：describe_image']
2026-09-07 10:24:42,133 | WARNING | mul_tree_mmkg.extractors.image_extractor.pipeline | [图片抽取/单图] 模型调用存在错误：chunk=doc-1:section:1:image:0，image_index=1，status=model_error，errors=['VLM地图空间抽取失败：架构测试不应调用模型方法：describe_image']
2026-09-07 10:24:42,135 | WARNING | mul_tree_mmkg.extractors.image_extractor.pipeline | [图片抽取/单图] 模型调用存在错误：chunk=doc-1:section:1:image:0，image_index=0，status=model_error，errors=['VLM地图空间抽取失败：架构测试不应调用模型方法：describe_image']
2026-09-07 10:24:42,135 | WARNING | mul_tree_mmkg.extractors.image_extractor.pipeline | [图片抽取/单图] 模型调用存在错误：chunk=doc-1:section:1:image:0，image_index=1，status=model_error，errors=['架构测试不应调用模型方法：describe_image']
2026-09-07 10:24:42,136 | WARNING | mul_tree_mmkg.extractors.image_extractor.pipeline | [图片抽取/单图] 模型调用存在错误：chunk=doc-1:section:1:image:0，image_index=0，status=model_error，errors=['VLM地图空间抽取失败：架构测试不应调用模型方法：describe_image']
2026-09-07 10:24:42,136 | WARNING | mul_tree_mmkg.extractors.image_extractor.pipeline | [图片抽取/单图] 模型调用存在错误：chunk=doc-1:section:1:image:0，image_index=1，status=model_error，errors=['架构测试不应调用模型方法：describe_image']
2026-09-07 10:24:42,137 | WARNING | mul_tree_mmkg.extractors.image_extractor.pipeline | [图片抽取/单图] 模型调用存在错误：chunk=doc-1:section:1:image:0，image_index=0，status=model_error，errors=['VLM地图空间抽取失败：架构测试不应调用模型方法：describe_image']
2026-09-07 10:25:46,972 | WARNING | mul_tree_mmkg.extractors.image_extractor.pipeline | [图片抽取/单图] 模型调用存在错误：chunk=doc-1:section:1:image:0，image_index=0，status=model_error，errors=['VLM地图空间抽取失败：架构测试不应调用模型方法：describe_image']
2026-09-07 10:25:46,972 | WARNING | mul_tree_mmkg.extractors.image_extractor.pipeline | [图片抽取/单图] 模型调用存在错误：chunk=doc-1:section:1:image:0，image_index=1，status=model_error，errors=['VLM地图空间抽取失败：架构测试不应调用模型方法：describe_image']
2026-09-07 10:25:46,974 | WARNING | mul_tree_mmkg.extractors.image_extractor.pipeline | [图片抽取/单图] 模型调用存在错误：chunk=doc-1:section:1:image:0，image_index=0，status=model_error，errors=['VLM地图空间抽取失败：架构测试不应调用模型方法：describe_image']
2026-09-07 10:25:46,974 | WARNING | mul_tree_mmkg.extractors.image_extractor.pipeline | [图片抽取/单图] 模型调用存在错误：chunk=doc-1:section:1:image:0，image_index=1，status=model_error，errors=['架构测试不应调用模型方法：describe_image']
2026-09-07 10:25:46,975 | WARNING | mul_tree_mmkg.extractors.image_extractor.pipeline | [图片抽取/单图] 模型调用存在错误：chunk=doc-1:section:1:image:0，image_index=0，status=model_error，errors=['VLM地图空间抽取失败：架构测试不应调用模型方法：describe_image']
2026-09-07 10:25:46,975 | WARNING | mul_tree_mmkg.extractors.image_extractor.pipeline | [图片抽取/单图] 模型调用存在错误：chunk=doc-1:section:1:image:0，image_index=1，status=model_error，errors=['架构测试不应调用模型方法：describe_image']
2026-09-07 10:25:46,978 | WARNING | mul_tree_mmkg.extractors.image_extractor.pipeline | [图片抽取/单图] 模型调用存在错误：chunk=doc-1:section:1:image:0，image_index=0，status=model_error，errors=['VLM地图空间抽取失败：架构测试不应调用模型方法：describe_image']
2026-09-07 10:27:36,361 | WARNING | mul_tree_mmkg.extractors.image_extractor.pipeline | [图片抽取/单图] 模型调用存在错误：chunk=doc-1:section:1:image:0，image_index=0，status=model_error，errors=['VLM地图空间抽取失败：架构测试不应调用模型方法：describe_image']
2026-09-07 10:27:36,361 | WARNING | mul_tree_mmkg.extractors.image_extractor.pipeline | [图片抽取/单图] 模型调用存在错误：chunk=doc-1:section:1:image:0，image_index=1，status=model_error，errors=['VLM地图空间抽取失败：架构测试不应调用模型方法：describe_image']
2026-09-07 10:27:36,362 | WARNING | mul_tree_mmkg.extractors.image_extractor.pipeline | [图片抽取/单图] 模型调用存在错误：chunk=doc-1:section:1:image:0，image_index=0，status=model_error，errors=['VLM地图空间抽取失败：架构测试不应调用模型方法：describe_image']
2026-09-07 10:27:36,362 | WARNING | mul_tree_mmkg.extractors.image_extractor.pipeline | [图片抽取/单图] 模型调用存在错误：chunk=doc-1:section:1:image:0，image_index=1，status=model_error，errors=['架构测试不应调用模型方法：describe_image']
2026-09-07 10:27:36,363 | WARNING | mul_tree_mmkg.extractors.image_extractor.pipeline | [图片抽取/单图] 模型调用存在错误：chunk=doc-1:section:1:image:0，image_index=0，status=model_error，errors=['VLM地图空间抽取失败：架构测试不应调用模型方法：describe_image']
2026-09-07 10:27:36,363 | WARNING | mul_tree_mmkg.extractors.image_extractor.pipeline | [图片抽取/单图] 模型调用存在错误：chunk=doc-1:section:1:image:0，image_index=1，status=model_error，errors=['架构测试不应调用模型方法：describe_image']
2026-09-07 10:27:36,365 | WARNING | mul_tree_mmkg.extractors.image_extractor.pipeline | [图片抽取/单图] 模型调用存在错误：chunk=doc-1:section:1:image:0，image_index=0，status=model_error，errors=['VLM地图空间抽取失败：架构测试不应调用模型方法：describe_image']
2026-09-07 10:42:26,249 | INFO | mul_tree_mmkg.extractors.image_extractor.pipeline | [图片抽取/管线] 启动：Chunk=3，图片=5，限制抽取器=['map_spatial']
2026-09-07 10:42:26,249 | INFO | mul_tree_mmkg.extractors.image_extractor.pipeline | [图片抽取/Chunk] 开始 1/3：chunk=1:image:0，section=地质背景
2026-09-07 10:42:26,249 | INFO | mul_tree_mmkg.extractors.image_extractor.pipeline | [图片抽取/分类] 开始：chunk=1:image:0，image=1/1，path=C:\Users\nzx\Desktop\Python\毕业论文项目\MulTreeMMKG\data\mineru_output\鄂尔多斯盆地奥陶系马家沟组白云岩储层特征及成因机制_吴东旭\images\a10add54f532f58ad45d313b7df33a2f4233ac579aa63991f325845ec8aaabad.jpg
2026-09-07 10:42:26,249 | INFO | mul_tree_mmkg.extractors.image_extractor.pipeline | [图片抽取/分类] 完成：chunk=1:image:0，image_index=0，code=A02，type=沉积相与古地理分布图，耗时=0.00s
2026-09-07 10:42:26,249 | INFO | mul_tree_mmkg.extractors.image_extractor.pipeline | [图片抽取/路由] chunk=1:image:0，image_index=0，classification=A02(沉积相与古地理分布图)，extractor=map_spatial，path=C:\Users\nzx\Desktop\Python\毕业论文项目\MulTreeMMKG\data\mineru_output\鄂尔多斯盆地奥陶系马家沟组白云岩储层特征及成因机制_吴东旭\images\a10add54f532f58ad45d313b7df33a2f4233ac579aa63991f325845ec8aaabad.jpg
2026-09-07 10:43:53,432 | INFO | mul_tree_mmkg.extractors.image_extractor.pipeline | [图片抽取/单图] 完成：chunk=1:image:0，image_index=0，extractor=map_spatial，status=completed，实体=16，关系=105，事件=0，耗时=87.18s
2026-09-07 10:43:53,434 | INFO | mul_tree_mmkg.extractors.image_extractor.pipeline | [图片抽取/Chunk] 完成 1/3：chunk=1:image:0，status=completed，单图任务=1，实体=16，关系=105，事件=0，耗时=87.18s
2026-09-07 10:43:53,434 | INFO | mul_tree_mmkg.extractors.image_extractor.pipeline | [图片抽取/Chunk] 开始 2/3：chunk=3.2:image:1，section=储层成因机制
2026-09-07 10:43:53,434 | INFO | mul_tree_mmkg.extractors.image_extractor.pipeline | [图片抽取/分类] 开始：chunk=3.2:image:1，image=1/1，path=C:\Users\nzx\Desktop\Python\毕业论文项目\MulTreeMMKG\data\mineru_output\鄂尔多斯盆地奥陶系马家沟组白云岩储层特征及成因机制_吴东旭\images\5e1e84b842c25f962c2769dd3ccc72ef2a05322eb5e4f12721fc5dd65e1c54a2.jpg
2026-09-07 10:43:53,434 | INFO | mul_tree_mmkg.extractors.image_extractor.pipeline | [图片抽取/分类] 完成：chunk=3.2:image:1，image_index=0，code=A01，type=区域地质与构造位置图，耗时=0.00s
2026-09-07 10:43:53,434 | INFO | mul_tree_mmkg.extractors.image_extractor.pipeline | [图片抽取/路由] chunk=3.2:image:1，image_index=0，classification=A01(区域地质与构造位置图)，extractor=map_spatial，path=C:\Users\nzx\Desktop\Python\毕业论文项目\MulTreeMMKG\data\mineru_output\鄂尔多斯盆地奥陶系马家沟组白云岩储层特征及成因机制_吴东旭\images\5e1e84b842c25f962c2769dd3ccc72ef2a05322eb5e4f12721fc5dd65e1c54a2.jpg
2026-09-07 10:45:25,442 | INFO | mul_tree_mmkg.extractors.image_extractor.pipeline | [图片抽取/单图] 完成：chunk=3.2:image:1，image_index=0，extractor=map_spatial，status=completed，实体=23，关系=160，事件=0，耗时=92.01s
2026-09-07 10:45:25,443 | INFO | mul_tree_mmkg.extractors.image_extractor.pipeline | [图片抽取/Chunk] 完成 2/3：chunk=3.2:image:1，status=completed，单图任务=1，实体=23，关系=160，事件=0，耗时=92.01s
2026-09-07 10:45:25,443 | INFO | mul_tree_mmkg.extractors.image_extractor.pipeline | [图片抽取/Chunk] 开始 3/3：chunk=4:image:0，section=结论
2026-09-07 10:45:25,443 | INFO | mul_tree_mmkg.extractors.image_extractor.pipeline | [图片抽取/分类] 开始：chunk=4:image:0，image=1/3，path=C:\Users\nzx\Desktop\Python\毕业论文项目\MulTreeMMKG\data\mineru_output\鄂尔多斯盆地奥陶系马家沟组白云岩储层特征及成因机制_吴东旭\images\665e81edd6a6d88eac67fdc9dd2e334dfc22d60bb30c667039a7cb53e75eb1e6.jpg
2026-09-07 10:45:25,443 | INFO | mul_tree_mmkg.extractors.image_extractor.pipeline | [图片抽取/分类] 完成：chunk=4:image:0，image_index=0，code=A07，type=储层参数与厚度平面分布图，耗时=0.00s
2026-09-07 10:45:25,443 | INFO | mul_tree_mmkg.extractors.image_extractor.pipeline | [图片抽取/分类] 开始：chunk=4:image:0，image=2/3，path=C:\Users\nzx\Desktop\Python\毕业论文项目\MulTreeMMKG\data\mineru_output\鄂尔多斯盆地奥陶系马家沟组白云岩储层特征及成因机制_吴东旭\images\74b9d42829162905c633e309a147ffc6502cbeebc070c5191a32a79981ffc83d.jpg
2026-09-07 10:45:25,443 | INFO | mul_tree_mmkg.extractors.image_extractor.pipeline | [图片抽取/分类] 完成：chunk=4:image:0，image_index=1，code=A02，type=沉积相与古地理分布图，耗时=0.00s
2026-09-07 10:45:25,443 | INFO | mul_tree_mmkg.extractors.image_extractor.pipeline | [图片抽取/分类] 开始：chunk=4:image:0，image=3/3，path=C:\Users\nzx\Desktop\Python\毕业论文项目\MulTreeMMKG\data\mineru_output\鄂尔多斯盆地奥陶系马家沟组白云岩储层特征及成因机制_吴东旭\images\981cf39a69fa30cc52fc149802ba18ec60a6a0831ffbb901e7a113d506e20221.jpg
2026-09-07 10:45:25,443 | INFO | mul_tree_mmkg.extractors.image_extractor.pipeline | [图片抽取/分类] 完成：chunk=4:image:0，image_index=2，code=A07，type=储层参数与厚度平面分布图，耗时=0.00s
2026-09-07 10:45:25,443 | INFO | mul_tree_mmkg.extractors.image_extractor.pipeline | [图片抽取/路由] chunk=4:image:0，image_index=0，classification=A07(储层参数与厚度平面分布图)，extractor=map_spatial，path=C:\Users\nzx\Desktop\Python\毕业论文项目\MulTreeMMKG\data\mineru_output\鄂尔多斯盆地奥陶系马家沟组白云岩储层特征及成因机制_吴东旭\images\665e81edd6a6d88eac67fdc9dd2e334dfc22d60bb30c667039a7cb53e75eb1e6.jpg
2026-09-07 10:46:38,934 | INFO | mul_tree_mmkg.extractors.image_extractor.pipeline | [图片抽取/单图] 完成：chunk=4:image:0，image_index=0，extractor=map_spatial，status=completed，实体=23，关系=105，事件=0，耗时=73.49s
2026-09-07 10:46:38,934 | INFO | mul_tree_mmkg.extractors.image_extractor.pipeline | [图片抽取/路由] chunk=4:image:0，image_index=1，classification=A02(沉积相与古地理分布图)，extractor=map_spatial，path=C:\Users\nzx\Desktop\Python\毕业论文项目\MulTreeMMKG\data\mineru_output\鄂尔多斯盆地奥陶系马家沟组白云岩储层特征及成因机制_吴东旭\images\74b9d42829162905c633e309a147ffc6502cbeebc070c5191a32a79981ffc83d.jpg
2026-09-07 10:48:18,037 | INFO | mul_tree_mmkg.extractors.image_extractor.pipeline | [图片抽取/单图] 完成：chunk=4:image:0，image_index=1，extractor=map_spatial，status=completed，实体=25，关系=165，事件=0，耗时=99.10s
2026-09-07 10:48:18,038 | INFO | mul_tree_mmkg.extractors.image_extractor.pipeline | [图片抽取/路由] chunk=4:image:0，image_index=2，classification=A07(储层参数与厚度平面分布图)，extractor=map_spatial，path=C:\Users\nzx\Desktop\Python\毕业论文项目\MulTreeMMKG\data\mineru_output\鄂尔多斯盆地奥陶系马家沟组白云岩储层特征及成因机制_吴东旭\images\981cf39a69fa30cc52fc149802ba18ec60a6a0831ffbb901e7a113d506e20221.jpg
2026-09-07 10:49:22,654 | INFO | mul_tree_mmkg.extractors.image_extractor.pipeline | [图片抽取/单图] 完成：chunk=4:image:0，image_index=2，extractor=map_spatial，status=completed，实体=19，关系=125，事件=0，耗时=64.62s
2026-09-07 10:49:22,656 | INFO | mul_tree_mmkg.extractors.image_extractor.pipeline | [图片抽取/Chunk] 完成 3/3：chunk=4:image:0，status=completed，单图任务=3，实体=67，关系=395，事件=0，耗时=237.21s
2026-09-07 10:49:22,657 | INFO | mul_tree_mmkg.extractors.image_extractor.pipeline | [图片抽取/管线] 完成：Graph=3，实体=106，关系=660，事件=0，耗时=416.41s
2026-09-07 10:50:18,196 | INFO | mul_tree_mmkg.extractors.image_extractor.pipeline | [图片抽取/管线] 启动：Chunk=3，图片=5，限制抽取器=['map_spatial']
2026-09-07 10:50:18,197 | INFO | mul_tree_mmkg.extractors.image_extractor.pipeline | [图片抽取/Chunk] 开始 1/3：chunk=1:image:0，section=地质背景
2026-09-07 10:50:18,197 | INFO | mul_tree_mmkg.extractors.image_extractor.pipeline | [图片抽取/分类] 开始：chunk=1:image:0，image=1/1，path=C:\Users\nzx\Desktop\Python\毕业论文项目\MulTreeMMKG\data\mineru_output\鄂尔多斯盆地奥陶系马家沟组白云岩储层特征及成因机制_吴东旭\images\a10add54f532f58ad45d313b7df33a2f4233ac579aa63991f325845ec8aaabad.jpg
2026-09-07 10:50:18,197 | INFO | mul_tree_mmkg.extractors.image_extractor.pipeline | [图片抽取/分类] 完成：chunk=1:image:0，image_index=0，code=A02，type=沉积相与古地理分布图，耗时=0.00s
2026-09-07 10:50:18,197 | INFO | mul_tree_mmkg.extractors.image_extractor.pipeline | [图片抽取/路由] chunk=1:image:0，image_index=0，classification=A02(沉积相与古地理分布图)，extractor=map_spatial，path=C:\Users\nzx\Desktop\Python\毕业论文项目\MulTreeMMKG\data\mineru_output\鄂尔多斯盆地奥陶系马家沟组白云岩储层特征及成因机制_吴东旭\images\a10add54f532f58ad45d313b7df33a2f4233ac579aa63991f325845ec8aaabad.jpg
2026-09-07 10:51:52,925 | INFO | mul_tree_mmkg.extractors.image_extractor.pipeline | [图片抽取/单图] 完成：chunk=1:image:0，image_index=0，extractor=map_spatial，status=completed，实体=16，关系=62，事件=0，耗时=94.73s
2026-09-07 10:51:52,925 | INFO | mul_tree_mmkg.extractors.image_extractor.pipeline | [图片抽取/Chunk] 完成 1/3：chunk=1:image:0，status=completed，单图任务=1，实体=16，关系=62，事件=0，耗时=94.73s
2026-09-07 10:51:52,925 | INFO | mul_tree_mmkg.extractors.image_extractor.pipeline | [图片抽取/Chunk] 开始 2/3：chunk=3.2:image:1，section=储层成因机制
2026-09-07 10:51:52,925 | INFO | mul_tree_mmkg.extractors.image_extractor.pipeline | [图片抽取/分类] 开始：chunk=3.2:image:1，image=1/1，path=C:\Users\nzx\Desktop\Python\毕业论文项目\MulTreeMMKG\data\mineru_output\鄂尔多斯盆地奥陶系马家沟组白云岩储层特征及成因机制_吴东旭\images\5e1e84b842c25f962c2769dd3ccc72ef2a05322eb5e4f12721fc5dd65e1c54a2.jpg
2026-09-07 10:51:52,925 | INFO | mul_tree_mmkg.extractors.image_extractor.pipeline | [图片抽取/分类] 完成：chunk=3.2:image:1，image_index=0，code=A01，type=区域地质与构造位置图，耗时=0.00s
2026-09-07 10:51:52,925 | INFO | mul_tree_mmkg.extractors.image_extractor.pipeline | [图片抽取/路由] chunk=3.2:image:1，image_index=0，classification=A01(区域地质与构造位置图)，extractor=map_spatial，path=C:\Users\nzx\Desktop\Python\毕业论文项目\MulTreeMMKG\data\mineru_output\鄂尔多斯盆地奥陶系马家沟组白云岩储层特征及成因机制_吴东旭\images\5e1e84b842c25f962c2769dd3ccc72ef2a05322eb5e4f12721fc5dd65e1c54a2.jpg
2026-09-07 10:53:24,660 | INFO | mul_tree_mmkg.extractors.image_extractor.pipeline | [图片抽取/单图] 完成：chunk=3.2:image:1，image_index=0，extractor=map_spatial，status=completed，实体=22，关系=60，事件=0，耗时=91.74s
2026-09-07 10:53:24,661 | INFO | mul_tree_mmkg.extractors.image_extractor.pipeline | [图片抽取/Chunk] 完成 2/3：chunk=3.2:image:1，status=completed，单图任务=1，实体=22，关系=60，事件=0，耗时=91.74s
2026-09-07 10:53:24,661 | INFO | mul_tree_mmkg.extractors.image_extractor.pipeline | [图片抽取/Chunk] 开始 3/3：chunk=4:image:0，section=结论
2026-09-07 10:53:24,661 | INFO | mul_tree_mmkg.extractors.image_extractor.pipeline | [图片抽取/分类] 开始：chunk=4:image:0，image=1/3，path=C:\Users\nzx\Desktop\Python\毕业论文项目\MulTreeMMKG\data\mineru_output\鄂尔多斯盆地奥陶系马家沟组白云岩储层特征及成因机制_吴东旭\images\665e81edd6a6d88eac67fdc9dd2e334dfc22d60bb30c667039a7cb53e75eb1e6.jpg
2026-09-07 10:53:24,661 | INFO | mul_tree_mmkg.extractors.image_extractor.pipeline | [图片抽取/分类] 完成：chunk=4:image:0，image_index=0，code=A07，type=储层参数与厚度平面分布图，耗时=0.00s
2026-09-07 10:53:24,661 | INFO | mul_tree_mmkg.extractors.image_extractor.pipeline | [图片抽取/分类] 开始：chunk=4:image:0，image=2/3，path=C:\Users\nzx\Desktop\Python\毕业论文项目\MulTreeMMKG\data\mineru_output\鄂尔多斯盆地奥陶系马家沟组白云岩储层特征及成因机制_吴东旭\images\74b9d42829162905c633e309a147ffc6502cbeebc070c5191a32a79981ffc83d.jpg
2026-09-07 10:53:24,661 | INFO | mul_tree_mmkg.extractors.image_extractor.pipeline | [图片抽取/分类] 完成：chunk=4:image:0，image_index=1，code=A02，type=沉积相与古地理分布图，耗时=0.00s
2026-09-07 10:53:24,661 | INFO | mul_tree_mmkg.extractors.image_extractor.pipeline | [图片抽取/分类] 开始：chunk=4:image:0，image=3/3，path=C:\Users\nzx\Desktop\Python\毕业论文项目\MulTreeMMKG\data\mineru_output\鄂尔多斯盆地奥陶系马家沟组白云岩储层特征及成因机制_吴东旭\images\981cf39a69fa30cc52fc149802ba18ec60a6a0831ffbb901e7a113d506e20221.jpg
2026-09-07 10:53:24,661 | INFO | mul_tree_mmkg.extractors.image_extractor.pipeline | [图片抽取/分类] 完成：chunk=4:image:0，image_index=2，code=A07，type=储层参数与厚度平面分布图，耗时=0.00s
2026-09-07 10:53:24,661 | INFO | mul_tree_mmkg.extractors.image_extractor.pipeline | [图片抽取/路由] chunk=4:image:0，image_index=0，classification=A07(储层参数与厚度平面分布图)，extractor=map_spatial，path=C:\Users\nzx\Desktop\Python\毕业论文项目\MulTreeMMKG\data\mineru_output\鄂尔多斯盆地奥陶系马家沟组白云岩储层特征及成因机制_吴东旭\images\665e81edd6a6d88eac67fdc9dd2e334dfc22d60bb30c667039a7cb53e75eb1e6.jpg
2026-09-07 10:54:46,933 | INFO | mul_tree_mmkg.extractors.image_extractor.pipeline | [图片抽取/单图] 完成：chunk=4:image:0，image_index=0，extractor=map_spatial，status=completed，实体=25，关系=45，事件=0，耗时=82.27s
2026-09-07 10:54:46,933 | INFO | mul_tree_mmkg.extractors.image_extractor.pipeline | [图片抽取/路由] chunk=4:image:0，image_index=1，classification=A02(沉积相与古地理分布图)，extractor=map_spatial，path=C:\Users\nzx\Desktop\Python\毕业论文项目\MulTreeMMKG\data\mineru_output\鄂尔多斯盆地奥陶系马家沟组白云岩储层特征及成因机制_吴东旭\images\74b9d42829162905c633e309a147ffc6502cbeebc070c5191a32a79981ffc83d.jpg
2026-09-07 10:57:44,490 | WARNING | mul_tree_mmkg.extractors.image_extractor.pipeline | [图片抽取/单图] 模型调用存在错误：chunk=doc-1:section:1:image:0，image_index=0，status=model_error，errors=['VLM地图空间抽取失败：架构测试不应调用模型方法：describe_image']
2026-09-07 10:57:44,491 | WARNING | mul_tree_mmkg.extractors.image_extractor.pipeline | [图片抽取/单图] 模型调用存在错误：chunk=doc-1:section:1:image:0，image_index=1，status=model_error，errors=['VLM地图空间抽取失败：架构测试不应调用模型方法：describe_image']
2026-09-07 10:57:44,492 | WARNING | mul_tree_mmkg.extractors.image_extractor.pipeline | [图片抽取/单图] 模型调用存在错误：chunk=doc-1:section:1:image:0，image_index=0，status=model_error，errors=['VLM地图空间抽取失败：架构测试不应调用模型方法：describe_image']
2026-09-07 10:57:44,492 | WARNING | mul_tree_mmkg.extractors.image_extractor.pipeline | [图片抽取/单图] 模型调用存在错误：chunk=doc-1:section:1:image:0，image_index=1，status=model_error，errors=['架构测试不应调用模型方法：describe_image']
2026-09-07 10:57:44,493 | WARNING | mul_tree_mmkg.extractors.image_extractor.pipeline | [图片抽取/单图] 模型调用存在错误：chunk=doc-1:section:1:image:0，image_index=0，status=model_error，errors=['VLM地图空间抽取失败：架构测试不应调用模型方法：describe_image']
2026-09-07 10:57:44,493 | WARNING | mul_tree_mmkg.extractors.image_extractor.pipeline | [图片抽取/单图] 模型调用存在错误：chunk=doc-1:section:1:image:0，image_index=1，status=model_error，errors=['架构测试不应调用模型方法：describe_image']
2026-09-07 10:57:44,495 | WARNING | mul_tree_mmkg.extractors.image_extractor.pipeline | [图片抽取/单图] 模型调用存在错误：chunk=doc-1:section:1:image:0，image_index=0，status=model_error，errors=['VLM地图空间抽取失败：架构测试不应调用模型方法：describe_image']
2026-09-07 10:57:44,850 | INFO | mul_tree_mmkg.extractors.image_extractor.pipeline | [图片抽取/管线] 启动：Chunk=1，图片=1，限制抽取器=['map_spatial']
2026-09-07 10:57:44,850 | INFO | mul_tree_mmkg.extractors.image_extractor.pipeline | [图片抽取/Chunk] 开始 1/1：chunk=1:image:0，section=地质背景
2026-09-07 10:57:44,850 | INFO | mul_tree_mmkg.extractors.image_extractor.pipeline | [图片抽取/分类] 开始：chunk=1:image:0，image=1/1，path=C:\Users\nzx\Desktop\Python\毕业论文项目\MulTreeMMKG\data\mineru_output\鄂尔多斯盆地奥陶系马家沟组白云岩储层特征及成因机制_吴东旭\images\a10add54f532f58ad45d313b7df33a2f4233ac579aa63991f325845ec8aaabad.jpg
2026-09-07 10:57:44,850 | INFO | mul_tree_mmkg.extractors.image_extractor.pipeline | [图片抽取/分类] 完成：chunk=1:image:0，image_index=0，code=A02，type=沉积相与古地理分布图，耗时=0.00s
2026-09-07 10:57:44,850 | INFO | mul_tree_mmkg.extractors.image_extractor.pipeline | [图片抽取/路由] chunk=1:image:0，image_index=0，classification=A02(沉积相与古地理分布图)，extractor=map_spatial，path=C:\Users\nzx\Desktop\Python\毕业论文项目\MulTreeMMKG\data\mineru_output\鄂尔多斯盆地奥陶系马家沟组白云岩储层特征及成因机制_吴东旭\images\a10add54f532f58ad45d313b7df33a2f4233ac579aa63991f325845ec8aaabad.jpg
2026-09-07 10:59:10,304 | INFO | mul_tree_mmkg.extractors.image_extractor.pipeline | [图片抽取/单图] 完成：chunk=1:image:0，image_index=0，extractor=map_spatial，status=completed，实体=16，关系=56，事件=0，耗时=85.45s
2026-09-07 10:59:10,305 | INFO | mul_tree_mmkg.extractors.image_extractor.pipeline | [图片抽取/Chunk] 完成 1/1：chunk=1:image:0，status=completed，单图任务=1，实体=16，关系=56，事件=0，耗时=85.45s
2026-09-07 10:59:10,305 | INFO | mul_tree_mmkg.extractors.image_extractor.pipeline | [图片抽取/管线] 完成：Graph=1，实体=16，关系=56，事件=0，耗时=85.46s
