2026-07-12 22:31:36.137 | INFO     | src.extractors.text_extractor.text_extractor:extract_from_text:207 - 文本抽取流程启动：document_id=鄂尔多斯盆地西南缘双峰式火成岩年代学、成因及构造意义_郭伟，Chunk数=6，章节数=2，领域术语数=80
2026-07-12 22:32:10.415 | INFO     | src.extractors.text_extractor.text_extractor:extract_from_text:224 - 文档级Schema候选池完成：概念=30，关系=70，置信度=0.658，降级=False
2026-07-12 22:32:10.427 | INFO     | src.extractors.text_extractor.text_extractor:extract_text_chunk_graph:120 - Chunk 0:text:0 开始抽取：字符数=529，局部Schema概念=13，局部Schema关系=27
2026-07-12 22:32:58.892 | INFO     | src.extractors.text_extractor.text_extractor:extract_text_chunk_graph:129 - Chunk 0:text:0 实体抽取完成：候选数=11，候选名称=['华北克拉通', '胶辽地块', '前淮地块', '许昌地块', '阜平地块', '济宁地块', '阿拉善地块', '孔兹岩带', '中央造山带', '胶－辽－吉带', '1.80 Ga']
2026-07-12 22:34:02.837 | INFO     | src.extractors.text_extractor.text_extractor:extract_text_chunk_graph:139 - Chunk 0:text:0 关系抽取完成：候选数=10，候选类型=['CONTAINS', 'CONTAINS', 'CONTAINS', 'CONTAINS', 'CONTAINS', 'CONTAINS', 'CONTAINS', 'CONTAINS', 'CONTAINS', 'DEFINES_AGE_OF']
2026-07-12 22:34:37.342 | INFO     | src.extractors.text_extractor.text_extractor:extract_text_chunk_graph:149 - Chunk 0:text:0 事件抽取完成：候选数=4，候选名称=['华北克拉通基底拼合事件', '华北克拉通裂谷带发育及洋盆演化事件', '华北克拉通最终克拉通化事件', '华北克拉通进入伸展构造环境事件']
2026-07-12 22:34:37.352 | INFO     | src.extractors.text_extractor.text_extractor:extract_text_chunk_graph:167 - Chunk 0:text:0 解析校验完成：实体=11，关系=9，事件=4，拒绝=1
2026-07-12 22:34:37.353 | INFO     | src.extractors.text_extractor.text_extractor:extract_text_chunk_graph:120 - Chunk 1:text:0 开始抽取：字符数=415，局部Schema概念=15，局部Schema关系=35
2026-07-12 22:35:41.965 | INFO     | src.extractors.text_extractor.text_extractor:extract_text_chunk_graph:129 - Chunk 1:text:0 实体抽取完成：候选数=11，候选名称=['鄂尔多斯盆地', '伊盟隆起', '西缘逆冲带', '天环坳陷', '伊陕斜坡', '晋西挠褶带', '渭北隆起', '阴山造山带', '秦岭造山带', '吕梁山构造带', '贺兰－六盘山逆冲带']
2026-07-12 22:36:18.372 | INFO     | src.extractors.text_extractor.text_extractor:extract_text_chunk_graph:139 - Chunk 1:text:0 关系抽取完成：候选数=6，候选类型=['CONTAINS', 'CONTAINS', 'CONTAINS', 'CONTAINS', 'CONTAINS', 'CONTAINS']
2026-07-12 22:37:28.456 | INFO     | src.extractors.text_extractor.text_extractor:extract_text_chunk_graph:149 - Chunk 1:text:0 事件抽取完成：候选数=6，候选名称=['鄂尔多斯盆地构造格局形成事件', '盆山耦合体系形成事件', '鄂尔多斯盆地基底形成事件', '鄂尔多斯盆地沉积演化事件', '盆地构造特征观察事件', '盆地边缘构造带发育事件']
2026-07-12 22:37:28.456 | INFO     | src.extractors.text_extractor.text_extractor:extract_text_chunk_graph:167 - Chunk 1:text:0 解析校验完成：实体=11，关系=6，事件=6，拒绝=0
2026-07-12 22:37:28.456 | INFO     | src.extractors.text_extractor.text_extractor:extract_text_chunk_graph:120 - Chunk 0:text:1 开始抽取：字符数=537，局部Schema概念=13，局部Schema关系=23
2026-07-12 22:38:19.614 | INFO     | src.extractors.text_extractor.text_extractor:extract_text_chunk_graph:129 - Chunk 0:text:1 实体抽取完成：候选数=10，候选名称=['华北克拉通', '熊耳群', '基性岩墙群', 'Columbia 超大陆', '华北克拉通西南缘', '熊耳群火山岩', '大陆边缘弧环境', '大陆裂解环境', '石秤花岗闪长岩', '哥伦比亚超大陆']
2026-07-12 22:38:49.109 | INFO     | src.extractors.text_extractor.text_extractor:extract_text_chunk_graph:139 - Chunk 0:text:1 关系抽取完成：候选数=7，候选类型=['CONTAINS', 'DEVELOPS', 'HAS_LITHOLOGY', 'DEPOSITED_IN', 'DEPOSITED_IN', 'HAS_LITHOLOGY', 'CONTAINS']
2026-07-12 22:39:56.115 | INFO     | src.extractors.text_extractor.text_extractor:extract_text_chunk_graph:149 - Chunk 0:text:1 事件抽取完成：候选数=8，候选名称=['华北克拉通伸展作用起始事件', '岩浆活动记录克拉通早期减薄和陆内伸展事件', 'Columbia超大陆裂解初始事件', '熊耳群火山岩钙碱性特点观察', '熊耳群火山岩形成于大陆边缘弧环境事件', '熊耳群火山岩形成于大陆裂解环境事件', '石秤花岗闪长岩碰撞后形成事件', '查明华北克拉通西南缘构造事件性质及其动力学机制事件']
2026-07-12 22:39:56.116 | INFO     | src.extractors.text_extractor.text_extractor:extract_text_chunk_graph:167 - Chunk 0:text:1 解析校验完成：实体=10，关系=4，事件=8，拒绝=3
2026-07-12 22:39:56.116 | INFO     | src.extractors.text_extractor.text_extractor:extract_text_chunk_graph:120 - Chunk 1:text:1 开始抽取：字符数=430，局部Schema概念=15，局部Schema关系=23
2026-07-12 22:41:30.709 | INFO     | src.extractors.text_extractor.text_extractor:extract_text_chunk_graph:129 - Chunk 1:text:1 实体抽取完成：候选数=12，候选名称=['研究区', '鄂尔多斯盆地', '六盘山断裂带', '逆断层', '花岗斑岩', '玄武安山岩', '第四系覆盖层', '下白垩统紫红色砂岩', '泥岩', '震旦系碳酸盐岩', '花岗斑岩样品', '玄武安山岩样品']
2026-07-12 22:42:00.466 | INFO     | src.extractors.text_extractor.text_extractor:extract_text_chunk_graph:139 - Chunk 1:text:1 关系抽取完成：候选数=4，候选类型=['COVERS', 'CONTAINS', 'COLLECTED_FROM', 'COLLECTED_FROM']
2026-07-12 22:42:55.652 | INFO     | src.extractors.text_extractor.text_extractor:extract_text_chunk_graph:149 - Chunk 1:text:1 事件抽取完成：候选数=5，候选名称=['研究区断裂发育与特征观察', '断裂活动时期观察', '中酸性火成岩出露观察', '火成岩体与围岩断层接触观察', '花岗斑岩与玄武安山岩产状观察']
2026-07-12 22:42:55.653 | INFO     | src.extractors.text_extractor.text_extractor:extract_text_chunk_graph:167 - Chunk 1:text:1 解析校验完成：实体=12，关系=4，事件=4，拒绝=1
2026-07-12 22:42:55.653 | INFO     | src.extractors.text_extractor.text_extractor:extract_text_chunk_graph:120 - Chunk 0:text:2 开始抽取：字符数=235，局部Schema概念=13，局部Schema关系=25
2026-07-12 22:43:37.991 | INFO     | src.extractors.text_extractor.text_extractor:extract_text_chunk_graph:129 - Chunk 0:text:2 实体抽取完成：候选数=10，候选名称=['华北克拉通', '鄂尔多斯盆地', '陇县骑安沟地区', '玄武安山岩', '花岗斑岩', '双峰式火成岩组合', '熊耳群', '锆石 U-Pb 定年分析', '中元古代', '哥伦比亚超大陆']
2026-07-12 22:44:25.610 | INFO     | src.extractors.text_extractor.text_extractor:extract_text_chunk_graph:139 - Chunk 0:text:2 关系抽取完成：候选数=7，候选类型=['CONTAINS', 'CONTAINS', 'COVERS', 'DEVELOPS', 'ANALYZES', 'ANALYZES', 'DEFINES_AGE_OF']
2026-07-12 22:45:08.971 | INFO     | src.extractors.text_extractor.text_extractor:extract_text_chunk_graph:149 - Chunk 0:text:2 事件抽取完成：候选数=5，候选名称=['华北克拉通双峰式火成岩组合形成事件', '陇县骑安沟双峰式火成岩组合识别事件', '双峰式火成岩岩石学、地球化学及锆石U-Pb定年分析事件', '华北克拉通西部-鄂尔多斯盆地中元古代构造演化事件', '双峰式火成岩组合与熊耳群岩浆事件及哥伦比亚超大陆裂解关系探究事件']
2026-07-12 22:45:08.972 | INFO     | src.extractors.text_extractor.text_extractor:extract_text_chunk_graph:167 - Chunk 0:text:2 解析校验完成：实体=10，关系=4，事件=5，拒绝=3
2026-07-12 22:45:08.972 | INFO     | src.extractors.text_extractor.text_extractor:extract_text_chunk_graph:120 - Chunk 1:text:2 开始抽取：字符数=391，局部Schema概念=11，局部Schema关系=11
2026-07-12 22:46:11.380 | INFO     | src.extractors.text_extractor.text_extractor:extract_text_chunk_graph:129 - Chunk 1:text:2 实体抽取完成：候选数=13，候选名称=['花岗斑岩', '中细粒花岗结构', '斑状结构', '块状构造', '钾长石', '石英', '斜长石', '玄武安山岩', '气孔构造', '角闪石', '绿泥石化', '绢云母化', '方解石']
2026-07-12 22:46:50.583 | INFO     | src.extractors.text_extractor.text_extractor:extract_text_chunk_graph:139 - Chunk 1:text:2 关系抽取完成：候选数=9，候选类型=['HAS_TEXTURE', 'HAS_TEXTURE', 'HAS_STRUCTURE', 'COMPOSED_OF', 'COMPOSED_OF', 'COMPOSED_OF', 'HAS_STRUCTURE', 'COMPOSED_OF', 'COMPOSED_OF']
2026-07-12 22:48:10.503 | INFO     | src.extractors.text_extractor.text_extractor:extract_text_chunk_graph:149 - Chunk 1:text:2 事件抽取完成：候选数=9，候选名称=['花岗斑岩岩石结构与构造观察', '花岗斑岩斑晶矿物组成观察', '花岗斑岩基质成分观察', '玄武安山岩岩石构造观察', '玄武安山岩斑晶矿物组成观察', '玄武安山岩基质成分观察', '斜长石蚀变事件', '石英溶蚀事件', '杏仁体充填事件']
2026-07-12 22:48:10.503 | INFO     | src.extractors.text_extractor.text_extractor:extract_text_chunk_graph:167 - Chunk 1:text:2 解析校验完成：实体=13，关系=9，事件=9，拒绝=0
2026-07-12 22:48:10.532 | INFO     | src.extractors.text_extractor.text_extractor:extract_from_text:259 - 文本抽取结果已保存：C:\Users\nzx\Desktop\Python\毕业论文项目\MulTreeMMKG\output\stage_04_text_extraction.json
2026-07-12 22:48:10.532 | INFO     | src.extractors.text_extractor.text_extractor:extract_from_text:260 - 文本抽取流程完成：Graph=6，实体=67，关系=36，事件=36
